bash ./tools/ci/run_codegen.sh
+ bash ./tools/ci/run_codegen.sh
    Updating crates.io index
    Blocking waiting for file lock on package cache
     Locking 245 packages to latest compatible versions
      Adding base64 v0.21.7 (available: v0.23.1)
      Adding bincode v1.3.3 (available: v3.0.0)
      Adding ed25519-dalek v2.2.0 (available: v3.0.0)
      Adding generic-array v0.14.7 (available: v0.14.9)
      Adding rand v0.8.8 (available: v0.10.3)
      Adding seccompiler v0.4.0 (available: v0.5.0)
      Adding sha2 v0.10.9 (available: v0.11.0)
      Adding spin v0.9.9 (available: v0.12.3)
      Adding thiserror v1.0.69 (available: v2.0.21)
      Adding toml v0.8.23 (available: v1.1.6+spec-1.1.0)
      Adding uefi v0.27.0 (available: v0.41.0)
      Adding wasmtime v27.0.0 (available: v48.0.5)
    Blocking waiting for file lock on package cache
    Blocking waiting for file lock on package cache
    Blocking waiting for file lock on package cache
   Compiling proc-macro2 v1.0.107
   Compiling quote v1.0.47
   Compiling unicode-ident v1.0.26
   Compiling serde_core v1.0.229
   Compiling serde v1.0.229
   Compiling utf8parse v0.2.2
   Compiling hashbrown v0.17.1
   Compiling is_terminal_polyfill v1.70.2
   Compiling anstyle-parse v1.0.0
   Compiling colorchoice v1.0.5
   Compiling anstyle-query v1.1.5
   Compiling anstyle v1.0.14
   Compiling equivalent v1.0.2
   Compiling winnow v0.7.15
   Compiling toml_write v0.1.2
   Compiling clap_lex v1.1.1
   Compiling anyhow v1.0.104
   Compiling anstream v1.0.0
   Compiling heck v0.5.0
   Compiling strsim v0.11.1
   Compiling clap_builder v4.6.7
   Compiling indexmap v2.14.2
   Compiling syn v3.0.6
   Compiling serde_derive v1.0.229
   Compiling clap_derive v4.6.7
   Compiling clap v4.6.7
   Compiling serde_spanned v0.6.9
   Compiling toml_datetime v0.6.11
   Compiling toml_edit v0.22.27
   Compiling toml v0.8.23
   Compiling idl_codegen v0.0.0 (/private/tmp/dotrepo-readiness-20261005-RamenOS/idl_codegen)
    Finished `dev` profile [unoptimized + debuginfo] target(s) in 1m 41s
     Running `target/debug/idl_codegen --in idl/harness/ping_harness.toml --out kernel_api/src/generated/ping_harness.generated.rs`
    Finished `dev` profile [unoptimized + debuginfo] target(s) in 0.37s
     Running `target/debug/idl_codegen --in idl/harness/capsule_control_v0.toml --out kernel_api/src/generated/capsule_control_v0.generated.rs`
    Finished `dev` profile [unoptimized + debuginfo] target(s) in 0.17s
     Running `target/debug/idl_codegen --in idl/harness/capsule_control_v0.toml --out tools/capsule/generated/capsule_control_v0.h`
    Finished `dev` profile [unoptimized + debuginfo] target(s) in 0.14s
     Running `target/debug/idl_codegen --in idl/harness/echo_harness_v0.toml --out kernel_api/src/generated/echo_harness_v0.generated.rs`
    Finished `dev` profile [unoptimized + debuginfo] target(s) in 0.15s
     Running `target/debug/idl_codegen --in idl/portals/file_picker_v1.toml --out kernel_api/src/generated/portal_file_picker.generated.rs`
    Finished `dev` profile [unoptimized + debuginfo] target(s) in 0.15s
     Running `target/debug/idl_codegen --in idl/portals/clipboard_v1.toml --out kernel_api/src/generated/portal_clipboard.generated.rs`
    Finished `dev` profile [unoptimized + debuginfo] target(s) in 0.25s
     Running `target/debug/idl_codegen --in idl/portals/notifications_v1.toml --out kernel_api/src/generated/portal_notifications.generated.rs`
    Finished `dev` profile [unoptimized + debuginfo] target(s) in 0.14s
     Running `target/debug/idl_codegen --in idl/portals/screen_capture_v1.toml --out kernel_api/src/generated/portal_screen_capture.generated.rs`
    Finished `dev` profile [unoptimized + debuginfo] target(s) in 0.14s
     Running `target/debug/idl_codegen --in idl/harness/domain_manager_v1.toml --out kernel_api/src/generated/domain_manager_v1.generated.rs`
    Finished `dev` profile [unoptimized + debuginfo] target(s) in 0.24s
     Running `target/debug/idl_codegen --in idl/harness/gpu_quarantine_v1.toml --out kernel_api/src/generated/gpu_quarantine_v1.generated.rs`
    Finished `dev` profile [unoptimized + debuginfo] target(s) in 0.13s
     Running `target/debug/idl_codegen --in idl/harness/net_v1.toml --out kernel_api/src/generated/net_v1.generated.rs`
    Finished `dev` profile [unoptimized + debuginfo] target(s) in 0.35s
     Running `target/debug/idl_codegen --in idl/harness/block_v1.toml --out kernel_api/src/generated/block_v1.generated.rs`
    Finished `dev` profile [unoptimized + debuginfo] target(s) in 0.19s
     Running `target/debug/idl_codegen --in idl/harness/shmem_control_v1.toml --out kernel_api/src/generated/shmem_control_v1.generated.rs`
    Finished `dev` profile [unoptimized + debuginfo] target(s) in 0.20s
     Running `target/debug/idl_codegen --in idl/services/store_service_v1.toml --out kernel_api/src/generated/store_service_v1.generated.rs`
    Finished `dev` profile [unoptimized + debuginfo] target(s) in 0.13s
     Running `target/debug/idl_codegen --in idl/harness/trace_service_v1.toml --out kernel_api/src/generated/trace_service_v1.generated.rs`
    Finished `dev` profile [unoptimized + debuginfo] target(s) in 0.17s
     Running `target/debug/idl_codegen --in idl/harness/echo_harness_v1.toml --out kernel_api/src/generated/echo_harness_v1.generated.rs`
    Finished `dev` profile [unoptimized + debuginfo] target(s) in 0.21s
     Running `target/debug/idl_codegen --in idl/harness/trace_service_v2.toml --out kernel_api/src/generated/trace_service_v2.generated.rs`
    Finished `dev` profile [unoptimized + debuginfo] target(s) in 0.16s
     Running `target/debug/idl_codegen --in idl/services/semantic_state_v1.toml --out kernel_api/src/generated/semantic_state_v1.generated.rs`
    Finished `dev` profile [unoptimized + debuginfo] target(s) in 0.18s
     Running `target/debug/idl_codegen --in idl/harness/semantic_store_v1.toml --out kernel_api/src/generated/semantic_store_v1.generated.rs`
    Finished `dev` profile [unoptimized + debuginfo] target(s) in 0.21s
     Running `target/debug/idl_codegen --in idl/harness/agent_task_v1.toml --out kernel_api/src/generated/agent_task_v1.generated.rs`
    Finished `dev` profile [unoptimized + debuginfo] target(s) in 0.20s
     Running `target/debug/idl_codegen --in idl/services/execution_fabric_v1.toml --out kernel_api/src/generated/execution_fabric_v1.generated.rs`
    Finished `dev` profile [unoptimized + debuginfo] target(s) in 0.21s
     Running `target/debug/idl_codegen --in idl/harness/echo_harness_v0.toml --out sdk/src/generated/harness_echo_v0.rs --lang wasm-imports`
    Finished `dev` profile [unoptimized + debuginfo] target(s) in 0.15s
     Running `target/debug/idl_codegen --in idl/services/semantic_state_v1.toml --out sdk/src/generated/services_semantic_state_v1.rs --lang wasm-imports`
    Finished `dev` profile [unoptimized + debuginfo] target(s) in 0.17s
     Running `target/debug/idl_codegen --in idl/harness/shmem_control_v1.toml --out sdk/src/generated/harness_shmem_control_v1.rs --lang wasm-imports`
    Finished `dev` profile [unoptimized + debuginfo] target(s) in 0.15s
     Running `target/debug/idl_codegen --in idl/services/semantic_state_v1.toml --out services/native_runner/src/generated/services_semantic_state_v1_host.rs --lang wasm-host`
    Finished `dev` profile [unoptimized + debuginfo] target(s) in 0.16s
     Running `target/debug/idl_codegen --in idl/harness/shmem_control_v1.toml --out services/native_runner/src/generated/harness_shmem_control_v1_host.rs --lang wasm-host`
    Finished `dev` profile [unoptimized + debuginfo] target(s) in 0.15s
     Running `target/debug/idl_codegen --in idl/harness/echo_harness_v1.toml --out services/native_runner/src/generated/harness_echo_v1_host.rs --lang wasm-host`
    Finished `dev` profile [unoptimized + debuginfo] target(s) in 0.20s
     Running `target/debug/idl_codegen --in idl/harness/trace_service_v2.toml --out services/native_runner/src/generated/harness_trace_v2_host.rs --lang wasm-host`
CODEGEN: ok
bash ./tools/ci/foundry_agent_task_proof_rt.sh
+ bash ./tools/ci/foundry_agent_task_proof_rt.sh
   Compiling serde_core v1.0.229
   Compiling cfg-if v1.0.5
   Compiling version_check v0.9.5
   Compiling serde v1.0.229
   Compiling zerocopy v0.8.59
   Compiling libc v0.2.190
   Compiling syn v3.0.6
   Compiling shlex v2.0.1
   Compiling find-msvc-tools v0.1.14
   Compiling ahash v0.8.12
   Compiling syn v2.0.119
   Compiling generic-array v0.14.7
   Compiling semver v1.0.28
   Compiling log v0.4.34
   Compiling once_cell v1.21.4
   Compiling memchr v2.8.3
   Compiling typenum v1.20.1
   Compiling jobserver v0.1.35
   Compiling zmij v1.0.23
   Compiling cc v1.6.0
   Compiling cranelift-isle v0.114.0
   Compiling bitflags v2.13.2
   Compiling pkg-config v0.3.34
   Compiling itoa v1.0.18
   Compiling target-lexicon v0.12.16
   Compiling thiserror v2.0.21
   Compiling cranelift-codegen-shared v0.114.0
   Compiling cranelift-codegen-meta v0.114.0
   Compiling crypto-common v0.1.7
   Compiling block-buffer v0.10.4
   Compiling const-oid v0.9.6
   Compiling crc32fast v1.5.2
   Compiling bumpalo v3.20.3
   Compiling crossbeam-utils v0.8.23
   Compiling digest v0.10.7
   Compiling indexmap v2.14.2
   Compiling zstd-sys v2.1.0+zstd.1.5.7
   Compiling foldhash v0.1.5
   Compiling rustversion v1.0.23
   Compiling arbitrary v1.4.2
   Compiling gimli v0.31.1
   Compiling object v0.36.7
   Compiling rustc-hash v2.1.3
   Compiling serde_json v1.0.151
   Compiling crossbeam-epoch v0.9.21
   Compiling slice-group-by v0.3.1
   Compiling cranelift-control v0.114.0
   Compiling hashbrown v0.15.5
   Compiling cranelift-codegen v0.114.0
   Compiling serde_derive v1.0.229
   Compiling thiserror-impl v2.0.21
   Compiling hashbrown v0.14.5
   Compiling wasmtime-versioned-export-macros v27.0.0
   Compiling cpufeatures v0.2.17
   Compiling rustc_version v0.4.1
   Compiling cobs v0.3.0
   Compiling cpp_demangle v0.4.5
   Compiling crossbeam-deque v0.8.8
   Compiling rustix v0.38.44
   Compiling zstd-safe v7.3.0
   Compiling curve25519-dalek v4.1.3
   Compiling wasmparser v0.219.2
   Compiling sha2 v0.10.9
   Compiling getrandom v0.2.17
   Compiling errno v0.3.14
   Compiling rayon-core v1.13.0
   Compiling id-arena v2.3.0
   Compiling leb128fmt v0.1.0
   Compiling either v1.18.0
   Compiling thiserror v1.0.69
   Compiling leb128 v0.2.7
   Compiling wasmtime-component-util v27.0.0
   Compiling termcolor v1.4.1
   Compiling unicode-xid v0.2.6
   Compiling wasm-encoder v0.219.2
   Compiling wasm-encoder v0.261.0
   Compiling cranelift-bitset v0.114.0
   Compiling smallvec v1.16.2
   Compiling cranelift-entity v0.114.0
   Compiling regalloc2 v0.10.2
   Compiling cranelift-bforest v0.114.0
   Compiling serde_spanned v0.6.9
   Compiling toml_datetime v0.6.11
   Compiling toml_edit v0.22.27
   Compiling postcard v1.1.3
   Compiling rand_core v0.6.4
   Compiling encoding_rs v0.8.42
   Compiling wasmtime-fiber v27.0.0
   Compiling thiserror-impl v1.0.69
   Compiling toml v0.8.23
   Compiling ppv-lite86 v0.2.21
   Compiling dirs-sys-next v0.1.2
   Compiling byteorder v1.5.0
   Compiling libm v0.2.16
   Compiling signature v2.2.0
   Compiling subtle v2.6.1
   Compiling wasmtime-cache v27.0.0
   Compiling paste v1.0.15
   Compiling base64 v0.21.7
   Compiling wasmtime-component-macro v27.0.0
   Compiling unicode-width v0.2.2
   Compiling uuid v1.27.0
   Compiling zeroize v1.9.0
   Compiling rustc-demangle v0.1.28
   Compiling wit-parser v0.219.2
   Compiling debugid v0.8.0
   Compiling wast v261.0.0
   Compiling fxhash v0.2.1
   Compiling ed25519 v2.2.3
   Compiling directories-next v2.0.0
   Compiling rand_chacha v0.3.1
   Compiling zstd v0.13.3
   Compiling itertools v0.12.1
   Compiling wasmtime v27.0.0
   Compiling wasmtime-asm-macros v27.0.0
   Compiling num-conv v0.2.2
   Compiling deranged v0.5.8
   Compiling time-core v0.1.9
   Compiling powerfmt v0.2.0
   Compiling simdutf8 v0.1.5
   Compiling multiversion_no_op v1.0.0
   Compiling scopeguard v1.2.0
   Compiling time v0.3.55
   Compiling wasmtime-wit-bindgen v27.0.0
   Compiling wasmprinter v0.219.2
   Compiling rayon v1.12.0
   Compiling rand v0.8.8
   Compiling wasmtime-environ v27.0.0
   Compiling ed25519-dalek v2.2.0
   Compiling fxprof-processed-profile v0.6.0
   Compiling wat v1.261.0
   Compiling wasmtime-jit-debug v27.0.0
   Compiling addr2line v0.24.2
   Compiling clap_derive v4.6.7
   Compiling async-trait v0.1.92
   Compiling wasmtime-jit-icache-coherence v27.0.0
   Compiling mach2 v0.4.3
   Compiling sptr v0.3.2
   Compiling hex v0.4.3
   Compiling wasmtime-slab v27.0.0
   Compiling artifact_store_schema v0.0.0 (/private/tmp/dotrepo-readiness-20261005-RamenOS/artifact_store_schema)
   Compiling memmap2 v0.9.11
   Compiling kernel_api v0.0.0 (/private/tmp/dotrepo-readiness-20261005-RamenOS/kernel_api)
   Compiling clap v4.6.7
   Compiling cranelift-native v0.114.0
   Compiling cranelift-frontend v0.114.0
   Compiling wasmtime-cranelift v27.0.0
   Compiling native_runner v0.0.0 (/private/tmp/dotrepo-readiness-20261005-RamenOS/services/native_runner)
    Finished `dev` profile [unoptimized + debuginfo] target(s) in 9m 21s
WARN `--no-project` was provided, but no project was found
   Compiling kernel_api v0.0.0 (/private/tmp/dotrepo-readiness-20261005-RamenOS/kernel_api)
    Finished `test` profile [unoptimized + debuginfo] target(s) in 2.69s
     Running tests/agent_task_protocol.rs (target/debug/deps/agent_task_protocol-d50d081cb11426dd)

running 12 tests
test all_messages_fit_the_fixed_control_plane_without_implicit_padding ... ok
test commit_preserves_both_revision_and_content_preconditions ... ok
test failure_replies_still_bound_diagnostics_and_reject_invalid_mapping_kinds ... ok
test malformed_lengths_and_zero_handles_do_not_reach_dispatch ... ok
test grant_requests_are_bounded_and_do_not_declare_caller_identity ... ok
test replies_bind_results_to_the_original_request_and_revision ... ok
test pull_lifecycle_preflight_binds_masks_handles_and_empty_polls ... ok
test reply_preflight_rejects_private_fields_on_denial_and_wrong_request_identity ... ok
test staging_requires_a_canonical_shmem_handle_and_bounded_bytes ... ok
test subscriptions_only_accept_declared_task_events ... ok
test unknown_protocol_operations_and_reply_injection_fail_closed ... ok
test validation_requests_cannot_supply_an_outcome_or_attestation ... ok

test result: ok. 12 passed; 0 failed; 0 ignored; 0 measured; 0 filtered out; finished in 0.00s

   Compiling proc-macro2 v1.0.107
   Compiling libc v0.2.190
   Compiling quote v1.0.47
   Compiling serde_json v1.0.151
   Compiling memchr v2.8.3
   Compiling hex v0.4.3
   Compiling syn v3.0.6
   Compiling getrandom v0.2.17
   Compiling cpufeatures v0.2.17
   Compiling sha2 v0.10.9
   Compiling rand_core v0.6.4
   Compiling rand_chacha v0.3.1
   Compiling ed25519-dalek v2.2.0
   Compiling rand v0.8.8
   Compiling serde_derive v1.0.229
   Compiling serde v1.0.229
   Compiling serde_spanned v0.6.9
   Compiling toml_datetime v0.6.11
   Compiling toml_edit v0.22.27
   Compiling toml v0.8.23
   Compiling artifact_store_schema v0.0.0 (/private/tmp/dotrepo-readiness-20261005-RamenOS/artifact_store_schema)
    Finished `test` profile [unoptimized + debuginfo] target(s) in 1m 35s
     Running tests/agent_task_contract.rs (target/debug/deps/agent_task_contract-363c7ee956eb946b)

running 12 tests
test expired_and_over_budget_validation_cannot_commit ... ok
test concurrent_commits_and_aba_revisions_fail_closed ... ok
test invalid_and_unvalidated_candidates_cannot_publish ... ok
test invalidated_validation_never_reuses_an_earlier_success ... ok
test lost_reply_retry_returns_original_receipt_without_second_effect ... ok
test receipt_retrieval_requires_current_authority_and_exact_request_scope ... ok
test malformed_contract_and_budget_fail_closed ... ok
test renewing_authority_requires_fresh_validation_after_revocation ... ok
test stage_and_validation_do_not_publish_output ... ok
test validation_is_bound_to_task_domain_resource_candidate_and_pins ... ok
test wrong_authority_and_revocation_block_every_mutation ... ok
test staged_candidates_and_receipts_are_bounded_without_eviction ... ok

test result: ok. 12 passed; 0 failed; 0 ignored; 0 measured; 0 filtered out; finished in 0.01s

   Compiling libc v0.2.190
   Compiling syn v3.0.6
   Compiling rustix v1.1.5
   Compiling getrandom v0.4.3
   Compiling syn v2.0.119
   Compiling fastrand v2.5.0
   Compiling once_cell v1.21.4
   Compiling getrandom v0.2.17
   Compiling cpufeatures v0.2.17
   Compiling errno v0.3.14
   Compiling memmap2 v0.9.11
   Compiling sha2 v0.10.9
   Compiling rand_core v0.6.4
   Compiling ed25519-dalek v2.2.0
   Compiling rand_chacha v0.3.1
   Compiling rand v0.8.8
   Compiling thiserror-impl v1.0.69
   Compiling tempfile v3.27.0
   Compiling serde_derive v1.0.229
   Compiling thiserror v1.0.69
   Compiling serde v1.0.229
   Compiling toml_datetime v0.6.11
   Compiling serde_spanned v0.6.9
   Compiling bincode v1.3.3
   Compiling toml_edit v0.22.27
   Compiling toml v0.8.23
   Compiling artifact_store_schema v0.0.0 (/private/tmp/dotrepo-readiness-20261005-RamenOS/artifact_store_schema)
   Compiling artifact_store_core v0.0.0 (/private/tmp/dotrepo-readiness-20261005-RamenOS/artifact_store_core)
   Compiling store_service v0.0.0 (/private/tmp/dotrepo-readiness-20261005-RamenOS/services/store_service)
    Finished `test` profile [unoptimized + debuginfo] target(s) in 52.39s
     Running unittests src/lib.rs (target/debug/deps/store_service-8ab1bc3cc89243a8)

running 2 tests
test agent_task::worker::tests::oversized_and_forged_worker_results_cannot_validate ... ok
test agent_task::worker::tests::stalled_worker_input_or_compiler_is_killed_with_owned_descendants ... ok

test result: ok. 2 passed; 0 failed; 0 ignored; 0 measured; 94 filtered out; finished in 1.52s

   Compiling store_service v0.0.0 (/private/tmp/dotrepo-readiness-20261005-RamenOS/services/store_service)
    Finished `test` profile [unoptimized + debuginfo] target(s) in 16.30s
     Running tests/agent_task_service.rs (target/debug/deps/agent_task_service-146e947d4f045c61)

running 19 tests
test forged_domain_resource_rights_and_object_kind_do_not_disclose_or_mutate ... ok
test failed_journal_publication_poisoning_recovers_the_previous_accepted_output ... ok
test bounded_events_are_scoped_and_expiry_and_revocation_end_delivery ... ok
test concurrent_preconditions_and_aba_do_not_replace_newer_output_or_repeat_effects ... ok
test a_real_stalled_cas_backend_is_inside_the_validator_watchdog ... ok
test forbidden_guest_imports_cannot_execute_even_when_the_program_is_pinned ... ok
test pull_subscriptions_are_connection_bound_and_discarded_on_disconnect ... ok
test abrupt_process_crash_before_or_after_publication_recovers_one_effect ... ok
test guest_and_start_section_loops_are_timed_out_without_accepting_output ... ok
test mutable_source_cannot_change_a_staged_candidate_and_foreign_sources_are_denied ... ok
test incomplete_transport_frames_have_an_absolute_deadline ... ok
test read_state_mappings_are_scoped_read_only_and_removed_on_revocation ... ok
test revocation_during_validator_execution_discards_the_result ... ok
test the_policy_artifact_bounds_grants_and_task_notes_cannot_expand_authority ... ok
test wrong_fixture_pins_corrupt_journal_and_second_writer_fail_closed ... ok
test unvalidated_wrong_pin_invalid_and_revoked_candidates_cannot_commit ... ok
test useful_repair_and_restart_retry_have_one_durable_effect ... ok
test worker_concurrency_is_bounded_without_exposing_load_to_foreign_holders ... ok
test failed_observations_are_fresh_in_direct_and_subscription_state_but_cannot_commit ... ok

test result: ok. 19 passed; 0 failed; 0 ignored; 0 measured; 0 filtered out; finished in 11.69s

WARN `--no-project` was provided, but no project was found
Host proof (scripted consumer):
  input: sha256:8c28330c746aeeb9cb37a7f2ea4e02a67a9f1dbd4bf820cd02682f69b4decb4b
  candidate: {"enabled":true,"label":"keep"} sha256:9ec6d48ceaa1057dd759718045e156d3c30f9f21454796a66d0aad3597e78a6c
  validation: valid
  output: sha256:9ec6d48ceaa1057dd759718045e156d3c30f9f21454796a66d0aad3597e78a6c revision 1
  denied: read_input resource 999 (no mapping)
  receipt request: 4 restart retry and independent replay checked
FOUNDRY_AGENT_TASK_PROOF_RT: PASS environment=host claim=scripted-task-and-named-service-boundaries
