    Updating crates.io index
 Downloading crates ...
  Downloaded dotrepo-cli v1.0.3
  Installing dotrepo-cli v1.0.3
    Updating crates.io index
    Updating crates.io index
 Downloading crates ...
  Downloaded dotrepo-schema v1.0.3
  Downloaded dotrepo-core v1.0.3
   Compiling proc-macro2 v1.0.106
   Compiling unicode-ident v1.0.24
   Compiling quote v1.0.45
   Compiling stable_deref_trait v1.2.1
   Compiling serde_core v1.0.228
   Compiling serde v1.0.228
   Compiling typenum v1.19.0
   Compiling version_check v0.9.5
   Compiling litemap v0.8.1
   Compiling crossbeam-utils v0.8.21
   Compiling generic-array v0.14.7
   Compiling writeable v0.6.2
   Compiling icu_properties_data v2.1.2
   Compiling crossbeam-epoch v0.9.20
   Compiling icu_normalizer_data v2.1.1
   Compiling equivalent v1.0.2
   Compiling hashbrown v0.16.1
   Compiling libc v0.2.183
   Compiling thiserror v1.0.69
   Compiling rayon-core v1.13.0
   Compiling winnow v0.7.15
   Compiling toml_write v0.1.2
   Compiling zmij v1.0.21
   Compiling utf8parse v0.2.2
   Compiling smallvec v1.15.1
   Compiling syn v2.0.117
   Compiling anstyle-parse v0.2.7
   Compiling crossbeam-deque v0.8.6
   Compiling indexmap v2.13.0
   Compiling serde_json v1.0.149
   Compiling colorchoice v1.0.4
   Compiling itoa v1.0.17
   Compiling powerfmt v0.2.0
   Compiling anstyle v1.0.13
   Compiling crypto-common v0.1.7
   Compiling block-buffer v0.10.4
   Compiling anyhow v1.0.103
   Compiling is_terminal_polyfill v1.70.2
   Compiling anstyle-query v1.1.5
   Compiling digest v0.10.7
   Compiling anstream v0.6.21
   Compiling cpufeatures v0.2.17
   Compiling deranged v0.5.8
   Compiling memchr v2.8.0
   Compiling time-core v0.1.8
   Compiling cfg-if v1.0.4
   Compiling num-conv v0.2.0
   Compiling strsim v0.11.1
   Compiling clap_lex v1.0.0
   Compiling percent-encoding v2.3.2
   Compiling utf8_iter v1.0.4
   Compiling heck v0.5.0
   Compiling either v1.16.0
   Compiling rayon v1.12.0
   Compiling form_urlencoded v1.2.2
   Compiling clap_builder v4.5.60
   Compiling sha2 v0.10.9
   Compiling time v0.3.47
   Compiling roxmltree v0.20.0
   Compiling synstructure v0.13.2
   Compiling zerofrom-derive v0.1.6
   Compiling yoke-derive v0.8.1
   Compiling zerovec-derive v0.11.2
   Compiling displaydoc v0.2.5
   Compiling serde_derive v1.0.228
   Compiling thiserror-impl v1.0.69
   Compiling clap_derive v4.5.55
   Compiling zerofrom v0.1.6
   Compiling yoke v0.8.1
   Compiling zerovec v0.11.5
   Compiling zerotrie v0.2.3
   Compiling tinystr v0.8.2
   Compiling potential_utf v0.1.4
   Compiling icu_locale_core v2.1.1
   Compiling icu_collections v2.1.1
   Compiling clap v4.5.60
   Compiling icu_provider v2.1.1
   Compiling toml_datetime v0.6.11
   Compiling serde_spanned v0.6.9
   Compiling toml_edit v0.22.27
   Compiling icu_normalizer v2.1.1
   Compiling icu_properties v2.1.2
   Compiling idna_adapter v1.2.1
   Compiling idna v1.1.0
   Compiling url v2.5.8
   Compiling toml v0.8.23
   Compiling dotrepo-schema v1.0.3
   Compiling dotrepo-core v1.0.3
   Compiling dotrepo-cli v1.0.3
    Finished `release` profile [optimized] target(s) in 1m 40s
  Installing /private/tmp/dotrepo-roadmap-stable-safety-publication/run-1/registry-install/bin/dotrepo
  Installing /private/tmp/dotrepo-roadmap-stable-safety-publication/run-1/registry-install/bin/dotrepo-public-query
   Installed package `dotrepo-cli v1.0.3` (executables `dotrepo`, `dotrepo-public-query`)
warning: be sure to add `/private/tmp/dotrepo-roadmap-stable-safety-publication/run-1/registry-install/bin` to your PATH to be able to run the installed binaries
